C:\Users\Meh\Desktop\original\gih-pds\gihBackEnd\src\main\java\ma\uiass\eia\pds\gihBackEnd\dao\EspaceDaoImp.java
C:\Users\Meh\Desktop\original\gih-pds\gihBackEnd\src\main\java\ma\uiass\eia\pds\gihBackEnd\dao\UtilisateurDaoImp.java
C:\Users\Meh\Desktop\original\gih-pds\gihBackEnd\src\main\java\ma\uiass\eia\pds\gihBackEnd\controller\LitResource.java
C:\Users\Meh\Desktop\original\gih-pds\gihBackEnd\src\main\java\ma\uiass\eia\pds\gihBackEnd\model\Espace.java
C:\Users\Meh\Desktop\original\gih-pds\gihBackEnd\src\main\java\ma\uiass\eia\pds\gihBackEnd\model\Reservation.java
C:\Users\Meh\Desktop\original\gih-pds\gihBackEnd\src\main\java\ma\uiass\eia\pds\gihBackEnd\model\Lit.java
C:\Users\Meh\Desktop\original\gih-pds\gihBackEnd\src\main\java\ma\uiass\eia\pds\gihBackEnd\dao\ICommandeDao.java
C:\Users\Meh\Desktop\original\gih-pds\gihBackEnd\src\main\java\ma\uiass\eia\pds\gihBackEnd\util\HibernateUtil.java
C:\Users\Meh\Desktop\original\gih-pds\gihBackEnd\src\main\java\ma\uiass\eia\pds\gihBackEnd\dao\ServiceDaoImp.java
C:\Users\Meh\Desktop\original\gih-pds\gihBackEnd\src\main\java\ma\uiass\eia\pds\gihBackEnd\services\ServiceTypeLit.java
C:\Users\Meh\Desktop\original\gih-pds\gihBackEnd\src\main\java\ma\uiass\eia\pds\gihBackEnd\dao\MarqueDaoImp.java
C:\Users\Meh\Desktop\original\gih-pds\gihBackEnd\src\main\java\ma\uiass\eia\pds\gihBackEnd\services\ServiceLits.java
C:\Users\Meh\Desktop\original\gih-pds\gihBackEnd\src\main\java\ma\uiass\eia\pds\gihBackEnd\model\Service.java
C:\Users\Meh\Desktop\original\gih-pds\gihBackEnd\src\main\java\ma\uiass\eia\pds\gihBackEnd\services\ServiceBatiment.java
C:\Users\Meh\Desktop\original\gih-pds\gihBackEnd\src\main\java\ma\uiass\eia\pds\gihBackEnd\model\TypeLit.java
C:\Users\Meh\Desktop\original\gih-pds\gihBackEnd\src\main\java\ma\uiass\eia\pds\gihBackEnd\dao\LitDaoImp.java
C:\Users\Meh\Desktop\original\gih-pds\gihBackEnd\src\main\java\ma\uiass\eia\pds\gihBackEnd\model\Stock.java
C:\Users\Meh\Desktop\original\gih-pds\gihBackEnd\src\main\java\ma\uiass\eia\pds\gihBackEnd\model\Salle.java
C:\Users\Meh\Desktop\original\gih-pds\gihBackEnd\src\main\java\ma\uiass\eia\pds\gihBackEnd\dao\IEquipementDao.java
C:\Users\Meh\Desktop\original\gih-pds\gihBackEnd\src\main\java\ma\uiass\eia\pds\gihBackEnd\dao\IServiceDao.java
C:\Users\Meh\Desktop\original\gih-pds\gihBackEnd\src\main\java\ma\uiass\eia\pds\gihBackEnd\controller\MarqueResource.java
C:\Users\Meh\Desktop\original\gih-pds\gihBackEnd\src\main\java\ma\uiass\eia\pds\gihBackEnd\model\EtatLit.java
C:\Users\Meh\Desktop\original\gih-pds\gihBackEnd\src\main\java\ma\uiass\eia\pds\gihBackEnd\model\ChefService.java
C:\Users\Meh\Desktop\original\gih-pds\gihBackEnd\src\main\java\ma\uiass\eia\pds\gihBackEnd\services\ServiceMarque.java
C:\Users\Meh\Desktop\original\gih-pds\gihBackEnd\src\main\java\ma\uiass\eia\pds\gihBackEnd\dao\Dao.java
C:\Users\Meh\Desktop\original\gih-pds\gihBackEnd\src\main\java\ma\uiass\eia\pds\gihBackEnd\dao\TypeLitDaoImp.java
C:\Users\Meh\Desktop\original\gih-pds\gihBackEnd\src\main\java\ma\uiass\eia\pds\gihBackEnd\dao\EquipementDaoImp.java
C:\Users\Meh\Desktop\original\gih-pds\gihBackEnd\src\main\java\ma\uiass\eia\pds\gihBackEnd\model\DisponibiliteLit.java
C:\Users\Meh\Desktop\original\gih-pds\gihBackEnd\src\main\java\ma\uiass\eia\pds\gihBackEnd\AppLauncher.java
C:\Users\Meh\Desktop\original\gih-pds\gihBackEnd\src\main\java\ma\uiass\eia\pds\gihBackEnd\model\Marque.java
C:\Users\Meh\Desktop\original\gih-pds\gihBackEnd\src\main\java\ma\uiass\eia\pds\gihBackEnd\dao\IStockDao.java
C:\Users\Meh\Desktop\original\gih-pds\gihBackEnd\src\main\java\ma\uiass\eia\pds\gihBackEnd\services\ServiceStock.java
C:\Users\Meh\Desktop\original\gih-pds\gihBackEnd\src\main\java\ma\uiass\eia\pds\gihBackEnd\dao\IBatimentDao.java
C:\Users\Meh\Desktop\original\gih-pds\gihBackEnd\src\main\java\ma\uiass\eia\pds\gihBackEnd\dao\ITypeLitDao.java
C:\Users\Meh\Desktop\original\gih-pds\gihBackEnd\src\main\java\ma\uiass\eia\pds\gihBackEnd\model\Admin.java
C:\Users\Meh\Desktop\original\gih-pds\gihBackEnd\src\main\java\ma\uiass\eia\pds\gihBackEnd\dao\CommandeDaoImp.java
C:\Users\Meh\Desktop\original\gih-pds\gihBackEnd\src\main\java\ma\uiass\eia\pds\gihBackEnd\dao\StockDaoImp.java
C:\Users\Meh\Desktop\original\gih-pds\gihBackEnd\src\main\java\ma\uiass\eia\pds\gihBackEnd\model\Commande.java
C:\Users\Meh\Desktop\original\gih-pds\gihBackEnd\src\main\java\ma\uiass\eia\pds\gihBackEnd\dto\LitDto.java
C:\Users\Meh\Desktop\original\gih-pds\gihBackEnd\src\main\java\ma\uiass\eia\pds\gihBackEnd\dao\ILitDao.java
C:\Users\Meh\Desktop\original\gih-pds\gihBackEnd\src\main\java\module-info.java
C:\Users\Meh\Desktop\original\gih-pds\gihBackEnd\src\main\java\ma\uiass\eia\pds\gihBackEnd\controller\EspaceResource.java
C:\Users\Meh\Desktop\original\gih-pds\gihBackEnd\src\main\java\ma\uiass\eia\pds\gihBackEnd\controller\CommandeResource.java
C:\Users\Meh\Desktop\original\gih-pds\gihBackEnd\src\main\java\ma\uiass\eia\pds\gihBackEnd\services\ServiceEquipement.java
C:\Users\Meh\Desktop\original\gih-pds\gihBackEnd\src\main\java\ma\uiass\eia\pds\gihBackEnd\services\ServiceServices.java
C:\Users\Meh\Desktop\original\gih-pds\gihBackEnd\src\main\java\ma\uiass\eia\pds\gihBackEnd\model\Chambre.java
C:\Users\Meh\Desktop\original\gih-pds\gihBackEnd\src\main\java\ma\uiass\eia\pds\gihBackEnd\model\TypeSalle.java
C:\Users\Meh\Desktop\original\gih-pds\gihBackEnd\src\main\java\ma\uiass\eia\pds\gihBackEnd\model\Batiment.java
C:\Users\Meh\Desktop\original\gih-pds\gihBackEnd\src\main\java\ma\uiass\eia\pds\gihBackEnd\dao\IEspaceDao.java
C:\Users\Meh\Desktop\original\gih-pds\gihBackEnd\src\main\java\ma\uiass\eia\pds\gihBackEnd\model\Utilisateur.java
C:\Users\Meh\Desktop\original\gih-pds\gihBackEnd\src\main\java\ma\uiass\eia\pds\gihBackEnd\dao\BatimentDaoImp.java
C:\Users\Meh\Desktop\original\gih-pds\gihBackEnd\src\main\java\ma\uiass\eia\pds\gihBackEnd\controller\StockResource.java
C:\Users\Meh\Desktop\original\gih-pds\gihBackEnd\src\main\java\ma\uiass\eia\pds\gihBackEnd\util\Instances.java
C:\Users\Meh\Desktop\original\gih-pds\gihBackEnd\src\main\java\ma\uiass\eia\pds\gihBackEnd\controller\ServiceResource.java
C:\Users\Meh\Desktop\original\gih-pds\gihBackEnd\src\main\java\ma\uiass\eia\pds\gihBackEnd\model\Emplacement.java
C:\Users\Meh\Desktop\original\gih-pds\gihBackEnd\src\main\java\ma\uiass\eia\pds\gihBackEnd\App.java
C:\Users\Meh\Desktop\original\gih-pds\gihBackEnd\src\main\java\ma\uiass\eia\pds\gihBackEnd\services\ServiceCommande.java
C:\Users\Meh\Desktop\original\gih-pds\gihBackEnd\src\main\java\ma\uiass\eia\pds\gihBackEnd\dao\IMarqueDao.java
C:\Users\Meh\Desktop\original\gih-pds\gihBackEnd\src\main\java\ma\uiass\eia\pds\gihBackEnd\model\Equipement.java
C:\Users\Meh\Desktop\original\gih-pds\gihBackEnd\src\main\java\ma\uiass\eia\pds\gihBackEnd\controller\UtilisateurResource.java
C:\Users\Meh\Desktop\original\gih-pds\gihBackEnd\src\main\java\ma\uiass\eia\pds\gihBackEnd\model\TypeChambre.java
C:\Users\Meh\Desktop\original\gih-pds\gihBackEnd\src\main\java\ma\uiass\eia\pds\gihBackEnd\controller\TypeLitResource.java
